// Jest Snapshot v1, https://goo.gl/fbAQLP

exports[`search tests read allotment not empty 1`] = `
Object {
  "allotment": Array [
    Object {
      "allotmentDescription": "2021 Reboot Year",
      "allotmentName": "2021 REBOOT",
      "appliesTo": "Product",
      "booked": "0",
      "date": "02/09/2020",
      "max": "0",
      "release": "999",
      "request": false,
      "splitCode": "GENERAL",
      "unitType": "RM",
    },
    Object {
      "allotmentDescription": "2021 Reboot Year",
      "allotmentName": "2021 REBOOT",
      "appliesTo": "Product",
      "booked": "0",
      "date": "03/09/2020",
      "max": "0",
      "release": "999",
      "request": false,
      "splitCode": "GENERAL",
      "unitType": "RM",
    },
    Object {
      "allotmentDescription": "2021 Reboot Year",
      "allotmentName": "2021 REBOOT",
      "appliesTo": "Product",
      "booked": "0",
      "date": "04/09/2020",
      "max": "0",
      "release": "999",
      "request": false,
      "splitCode": "GENERAL",
      "unitType": "RM",
    },
    Object {
      "allotmentDescription": "2021 Reboot Year",
      "allotmentName": "2021 REBOOT",
      "appliesTo": "Product",
      "booked": "0",
      "date": "05/09/2020",
      "max": "0",
      "release": "999",
      "request": false,
      "splitCode": "GENERAL",
      "unitType": "RM",
    },
    Object {
      "allotmentDescription": "2021 Reboot Year",
      "allotmentName": "2021 REBOOT",
      "appliesTo": "Product",
      "booked": "0",
      "date": "06/09/2020",
      "max": "0",
      "release": "999",
      "request": false,
      "splitCode": "GENERAL",
      "unitType": "RM",
    },
    Object {
      "allotmentDescription": "2021 Reboot Year",
      "allotmentName": "2021 REBOOT",
      "appliesTo": "Product",
      "booked": "0",
      "date": "07/09/2020",
      "max": "0",
      "release": "999",
      "request": false,
      "splitCode": "GENERAL",
      "unitType": "RM",
    },
    Object {
      "allotmentDescription": "2021 Reboot Year",
      "allotmentName": "2021 REBOOT",
      "appliesTo": "Product",
      "booked": "0",
      "date": "08/09/2020",
      "max": "0",
      "release": "999",
      "request": false,
      "splitCode": "GENERAL",
      "unitType": "RM",
    },
    Object {
      "allotmentDescription": "2021 Reboot Year",
      "allotmentName": "2021 REBOOT",
      "appliesTo": "Product",
      "booked": "0",
      "date": "09/09/2020",
      "max": "0",
      "release": "999",
      "request": false,
      "splitCode": "GENERAL",
      "unitType": "RM",
    },
    Object {
      "allotmentDescription": "2021 Reboot Year",
      "allotmentName": "2021 REBOOT",
      "appliesTo": "Product",
      "booked": "0",
      "date": "10/09/2020",
      "max": "0",
      "release": "999",
      "request": false,
      "splitCode": "GENERAL",
      "unitType": "RM",
    },
    Object {
      "allotmentDescription": "2021 Reboot Year",
      "allotmentName": "2021 REBOOT",
      "appliesTo": "Product",
      "booked": "0",
      "date": "11/09/2020",
      "max": "0",
      "release": "999",
      "request": false,
      "splitCode": "GENERAL",
      "unitType": "RM",
    },
    Object {
      "allotmentDescription": "2021 Reboot Year",
      "allotmentName": "2021 REBOOT",
      "appliesTo": "Product",
      "booked": "0",
      "date": "12/09/2020",
      "max": "0",
      "release": "999",
      "request": false,
      "splitCode": "GENERAL",
      "unitType": "RM",
    },
    Object {
      "allotmentDescription": "2021 Reboot Year",
      "allotmentName": "2021 REBOOT",
      "appliesTo": "Product",
      "booked": "0",
      "date": "13/09/2020",
      "max": "0",
      "release": "999",
      "request": false,
      "splitCode": "GENERAL",
      "unitType": "RM",
    },
    Object {
      "allotmentDescription": "2021 Reboot Year",
      "allotmentName": "2021 REBOOT",
      "appliesTo": "Product",
      "booked": "0",
      "date": "14/09/2020",
      "max": "0",
      "release": "999",
      "request": false,
      "splitCode": "GENERAL",
      "unitType": "RM",
    },
    Object {
      "allotmentDescription": "2021 Reboot Year",
      "allotmentName": "2021 REBOOT",
      "appliesTo": "Product",
      "booked": "0",
      "date": "15/09/2020",
      "max": "0",
      "release": "999",
      "request": false,
      "splitCode": "GENERAL",
      "unitType": "RM",
    },
    Object {
      "allotmentDescription": "2021 Reboot Year",
      "allotmentName": "2021 REBOOT",
      "appliesTo": "Product",
      "booked": "0",
      "date": "16/09/2020",
      "max": "0",
      "release": "999",
      "request": false,
      "splitCode": "GENERAL",
      "unitType": "RM",
    },
    Object {
      "allotmentDescription": "2021 Reboot Year",
      "allotmentName": "2021 REBOOT",
      "appliesTo": "Product",
      "booked": "0",
      "date": "17/09/2020",
      "max": "0",
      "release": "999",
      "request": false,
      "splitCode": "GENERAL",
      "unitType": "RM",
    },
    Object {
      "allotmentDescription": "2021 Reboot Year",
      "allotmentName": "2021 REBOOT",
      "appliesTo": "Product",
      "booked": "0",
      "date": "18/09/2020",
      "max": "0",
      "release": "999",
      "request": false,
      "splitCode": "GENERAL",
      "unitType": "RM",
    },
    Object {
      "allotmentDescription": "2021 Reboot Year",
      "allotmentName": "2021 REBOOT",
      "appliesTo": "Product",
      "booked": "0",
      "date": "19/09/2020",
      "max": "0",
      "release": "999",
      "request": false,
      "splitCode": "GENERAL",
      "unitType": "RM",
    },
    Object {
      "allotmentDescription": "2021 Reboot Year",
      "allotmentName": "2021 REBOOT",
      "appliesTo": "Product",
      "booked": "0",
      "date": "20/09/2020",
      "max": "0",
      "release": "999",
      "request": false,
      "splitCode": "GENERAL",
      "unitType": "RM",
    },
    Object {
      "allotmentDescription": "2021 Reboot Year",
      "allotmentName": "2021 REBOOT",
      "appliesTo": "Product",
      "booked": "0",
      "date": "21/09/2020",
      "max": "0",
      "release": "999",
      "request": false,
      "splitCode": "GENERAL",
      "unitType": "RM",
    },
    Object {
      "allotmentDescription": "2021 Reboot Year",
      "allotmentName": "2021 REBOOT",
      "appliesTo": "Product",
      "booked": "0",
      "date": "22/09/2020",
      "max": "0",
      "release": "999",
      "request": false,
      "splitCode": "GENERAL",
      "unitType": "RM",
    },
    Object {
      "allotmentDescription": "2021 Reboot Year",
      "allotmentName": "2021 REBOOT",
      "appliesTo": "Product",
      "booked": "0",
      "date": "23/09/2020",
      "max": "0",
      "release": "999",
      "request": false,
      "splitCode": "GENERAL",
      "unitType": "RM",
    },
    Object {
      "allotmentDescription": "2021 Reboot Year",
      "allotmentName": "2021 REBOOT",
      "appliesTo": "Product",
      "booked": "0",
      "date": "24/09/2020",
      "max": "0",
      "release": "999",
      "request": false,
      "splitCode": "GENERAL",
      "unitType": "RM",
    },
    Object {
      "allotmentDescription": "2021 Reboot Year",
      "allotmentName": "2021 REBOOT",
      "appliesTo": "Product",
      "booked": "0",
      "date": "25/09/2020",
      "max": "0",
      "release": "999",
      "request": false,
      "splitCode": "GENERAL",
      "unitType": "RM",
    },
    Object {
      "allotmentDescription": "2021 Reboot Year",
      "allotmentName": "2021 REBOOT",
      "appliesTo": "Product",
      "booked": "0",
      "date": "26/09/2020",
      "max": "0",
      "release": "999",
      "request": false,
      "splitCode": "GENERAL",
      "unitType": "RM",
    },
    Object {
      "allotmentDescription": "2021 Reboot Year",
      "allotmentName": "2021 REBOOT",
      "appliesTo": "Product",
      "booked": "0",
      "date": "27/09/2020",
      "max": "0",
      "release": "999",
      "request": false,
      "splitCode": "GENERAL",
      "unitType": "RM",
    },
    Object {
      "allotmentDescription": "2021 Reboot Year",
      "allotmentName": "2021 REBOOT",
      "appliesTo": "Product",
      "booked": "0",
      "date": "28/09/2020",
      "max": "0",
      "release": "999",
      "request": false,
      "splitCode": "GENERAL",
      "unitType": "RM",
    },
    Object {
      "allotmentDescription": "2021 Reboot Year",
      "allotmentName": "2021 REBOOT",
      "appliesTo": "Product",
      "booked": "0",
      "date": "29/09/2020",
      "max": "0",
      "release": "999",
      "request": false,
      "splitCode": "GENERAL",
      "unitType": "RM",
    },
    Object {
      "allotmentDescription": "2021 Reboot Year",
      "allotmentName": "2021 REBOOT",
      "appliesTo": "Product",
      "booked": "0",
      "date": "30/09/2020",
      "max": "0",
      "release": "999",
      "request": false,
      "splitCode": "GENERAL",
      "unitType": "RM",
    },
    Object {
      "allotmentDescription": "2021 Reboot Year",
      "allotmentName": "2021 REBOOT",
      "appliesTo": "Product",
      "booked": "0",
      "date": "01/10/2020",
      "max": "0",
      "release": "999",
      "request": false,
      "splitCode": "GENERAL",
      "unitType": "RM",
    },
    Object {
      "allotmentDescription": "2021 Reboot Year",
      "allotmentName": "2021 REBOOT",
      "appliesTo": "Product",
      "booked": "0",
      "date": "02/10/2020",
      "max": "0",
      "release": "999",
      "request": false,
      "splitCode": "GENERAL",
      "unitType": "RM",
    },
    Object {
      "allotmentDescription": "Delux Room Allocation",
      "allotmentName": "2021 DELUX ROOM",
      "appliesTo": "Product",
      "booked": "0",
      "date": "02/09/2020",
      "max": "20",
      "release": "7",
      "request": true,
      "splitCode": "GENERAL",
      "unitType": "RM",
    },
    Object {
      "allotmentDescription": "Delux Room Allocation",
      "allotmentName": "2021 DELUX ROOM",
      "appliesTo": "Product",
      "booked": "0",
      "date": "03/09/2020",
      "max": "20",
      "release": "7",
      "request": true,
      "splitCode": "GENERAL",
      "unitType": "RM",
    },
    Object {
      "allotmentDescription": "Delux Room Allocation",
      "allotmentName": "2021 DELUX ROOM",
      "appliesTo": "Product",
      "booked": "0",
      "date": "04/09/2020",
      "max": "20",
      "release": "7",
      "request": true,
      "splitCode": "GENERAL",
      "unitType": "RM",
    },
    Object {
      "allotmentDescription": "Delux Room Allocation",
      "allotmentName": "2021 DELUX ROOM",
      "appliesTo": "Product",
      "booked": "0",
      "date": "05/09/2020",
      "max": "20",
      "release": "7",
      "request": true,
      "splitCode": "GENERAL",
      "unitType": "RM",
    },
    Object {
      "allotmentDescription": "Delux Room Allocation",
      "allotmentName": "2021 DELUX ROOM",
      "appliesTo": "Product",
      "booked": "0",
      "date": "06/09/2020",
      "max": "20",
      "release": "7",
      "request": true,
      "splitCode": "GENERAL",
      "unitType": "RM",
    },
    Object {
      "allotmentDescription": "Delux Room Allocation",
      "allotmentName": "2021 DELUX ROOM",
      "appliesTo": "Product",
      "booked": "0",
      "date": "07/09/2020",
      "max": "20",
      "release": "7",
      "request": true,
      "splitCode": "GENERAL",
      "unitType": "RM",
    },
    Object {
      "allotmentDescription": "Delux Room Allocation",
      "allotmentName": "2021 DELUX ROOM",
      "appliesTo": "Product",
      "booked": "0",
      "date": "08/09/2020",
      "max": "20",
      "release": "7",
      "request": true,
      "splitCode": "GENERAL",
      "unitType": "RM",
    },
    Object {
      "allotmentDescription": "Delux Room Allocation",
      "allotmentName": "2021 DELUX ROOM",
      "appliesTo": "Product",
      "booked": "0",
      "date": "09/09/2020",
      "max": "20",
      "release": "7",
      "request": true,
      "splitCode": "GENERAL",
      "unitType": "RM",
    },
    Object {
      "allotmentDescription": "Delux Room Allocation",
      "allotmentName": "2021 DELUX ROOM",
      "appliesTo": "Product",
      "booked": "0",
      "date": "10/09/2020",
      "max": "20",
      "release": "7",
      "request": true,
      "splitCode": "GENERAL",
      "unitType": "RM",
    },
    Object {
      "allotmentDescription": "Delux Room Allocation",
      "allotmentName": "2021 DELUX ROOM",
      "appliesTo": "Product",
      "booked": "0",
      "date": "11/09/2020",
      "max": "20",
      "release": "7",
      "request": true,
      "splitCode": "GENERAL",
      "unitType": "RM",
    },
    Object {
      "allotmentDescription": "Delux Room Allocation",
      "allotmentName": "2021 DELUX ROOM",
      "appliesTo": "Product",
      "booked": "0",
      "date": "12/09/2020",
      "max": "20",
      "release": "7",
      "request": true,
      "splitCode": "GENERAL",
      "unitType": "RM",
    },
    Object {
      "allotmentDescription": "Delux Room Allocation",
      "allotmentName": "2021 DELUX ROOM",
      "appliesTo": "Product",
      "booked": "0",
      "date": "13/09/2020",
      "max": "20",
      "release": "7",
      "request": true,
      "splitCode": "GENERAL",
      "unitType": "RM",
    },
    Object {
      "allotmentDescription": "Delux Room Allocation",
      "allotmentName": "2021 DELUX ROOM",
      "appliesTo": "Product",
      "booked": "0",
      "date": "14/09/2020",
      "max": "20",
      "release": "7",
      "request": true,
      "splitCode": "GENERAL",
      "unitType": "RM",
    },
    Object {
      "allotmentDescription": "Delux Room Allocation",
      "allotmentName": "2021 DELUX ROOM",
      "appliesTo": "Product",
      "booked": "0",
      "date": "15/09/2020",
      "max": "20",
      "release": "7",
      "request": true,
      "splitCode": "GENERAL",
      "unitType": "RM",
    },
    Object {
      "allotmentDescription": "Delux Room Allocation",
      "allotmentName": "2021 DELUX ROOM",
      "appliesTo": "Product",
      "booked": "0",
      "date": "16/09/2020",
      "max": "20",
      "release": "7",
      "request": true,
      "splitCode": "GENERAL",
      "unitType": "RM",
    },
    Object {
      "allotmentDescription": "Delux Room Allocation",
      "allotmentName": "2021 DELUX ROOM",
      "appliesTo": "Product",
      "booked": "0",
      "date": "17/09/2020",
      "max": "20",
      "release": "7",
      "request": true,
      "splitCode": "GENERAL",
      "unitType": "RM",
    },
    Object {
      "allotmentDescription": "Delux Room Allocation",
      "allotmentName": "2021 DELUX ROOM",
      "appliesTo": "Product",
      "booked": "0",
      "date": "18/09/2020",
      "max": "20",
      "release": "7",
      "request": true,
      "splitCode": "GENERAL",
      "unitType": "RM",
    },
    Object {
      "allotmentDescription": "Delux Room Allocation",
      "allotmentName": "2021 DELUX ROOM",
      "appliesTo": "Product",
      "booked": "0",
      "date": "19/09/2020",
      "max": "20",
      "release": "7",
      "request": true,
      "splitCode": "GENERAL",
      "unitType": "RM",
    },
    Object {
      "allotmentDescription": "Delux Room Allocation",
      "allotmentName": "2021 DELUX ROOM",
      "appliesTo": "Product",
      "booked": "0",
      "date": "20/09/2020",
      "max": "20",
      "release": "7",
      "request": true,
      "splitCode": "GENERAL",
      "unitType": "RM",
    },
    Object {
      "allotmentDescription": "Delux Room Allocation",
      "allotmentName": "2021 DELUX ROOM",
      "appliesTo": "Product",
      "booked": "0",
      "date": "21/09/2020",
      "max": "20",
      "release": "7",
      "request": true,
      "splitCode": "GENERAL",
      "unitType": "RM",
    },
    Object {
      "allotmentDescription": "Delux Room Allocation",
      "allotmentName": "2021 DELUX ROOM",
      "appliesTo": "Product",
      "booked": "0",
      "date": "22/09/2020",
      "max": "20",
      "release": "7",
      "request": true,
      "splitCode": "GENERAL",
      "unitType": "RM",
    },
    Object {
      "allotmentDescription": "Delux Room Allocation",
      "allotmentName": "2021 DELUX ROOM",
      "appliesTo": "Product",
      "booked": "0",
      "date": "23/09/2020",
      "max": "20",
      "release": "7",
      "request": true,
      "splitCode": "GENERAL",
      "unitType": "RM",
    },
    Object {
      "allotmentDescription": "Delux Room Allocation",
      "allotmentName": "2021 DELUX ROOM",
      "appliesTo": "Product",
      "booked": "0",
      "date": "24/09/2020",
      "max": "20",
      "release": "7",
      "request": true,
      "splitCode": "GENERAL",
      "unitType": "RM",
    },
    Object {
      "allotmentDescription": "Delux Room Allocation",
      "allotmentName": "2021 DELUX ROOM",
      "appliesTo": "Product",
      "booked": "0",
      "date": "25/09/2020",
      "max": "0",
      "release": "999",
      "request": false,
      "splitCode": "GENERAL",
      "unitType": "RM",
    },
    Object {
      "allotmentDescription": "Delux Room Allocation",
      "allotmentName": "2021 DELUX ROOM",
      "appliesTo": "Product",
      "booked": "0",
      "date": "26/09/2020",
      "max": "0",
      "release": "999",
      "request": false,
      "splitCode": "GENERAL",
      "unitType": "RM",
    },
    Object {
      "allotmentDescription": "Delux Room Allocation",
      "allotmentName": "2021 DELUX ROOM",
      "appliesTo": "Product",
      "booked": "0",
      "date": "27/09/2020",
      "max": "0",
      "release": "999",
      "request": false,
      "splitCode": "GENERAL",
      "unitType": "RM",
    },
    Object {
      "allotmentDescription": "Delux Room Allocation",
      "allotmentName": "2021 DELUX ROOM",
      "appliesTo": "Product",
      "booked": "0",
      "date": "28/09/2020",
      "max": "0",
      "release": "999",
      "request": false,
      "splitCode": "GENERAL",
      "unitType": "RM",
    },
    Object {
      "allotmentDescription": "Delux Room Allocation",
      "allotmentName": "2021 DELUX ROOM",
      "appliesTo": "Product",
      "booked": "0",
      "date": "29/09/2020",
      "max": "0",
      "release": "999",
      "request": false,
      "splitCode": "GENERAL",
      "unitType": "RM",
    },
    Object {
      "allotmentDescription": "Delux Room Allocation",
      "allotmentName": "2021 DELUX ROOM",
      "appliesTo": "Product",
      "booked": "0",
      "date": "30/09/2020",
      "max": "20",
      "release": "7",
      "request": true,
      "splitCode": "GENERAL",
      "unitType": "RM",
    },
    Object {
      "allotmentDescription": "Delux Room Allocation",
      "allotmentName": "2021 DELUX ROOM",
      "appliesTo": "Product",
      "booked": "0",
      "date": "01/10/2020",
      "max": "20",
      "release": "7",
      "request": true,
      "splitCode": "GENERAL",
      "unitType": "RM",
    },
    Object {
      "allotmentDescription": "Delux Room Allocation",
      "allotmentName": "2021 DELUX ROOM",
      "appliesTo": "Product",
      "booked": "0",
      "date": "02/10/2020",
      "max": "20",
      "release": "7",
      "request": true,
      "splitCode": "GENERAL",
      "unitType": "RM",
    },
    Object {
      "allotmentDescription": "Reboot 2021 Suppliers",
      "allotmentName": "REBOOT 2021",
      "appliesTo": "Product",
      "booked": "0",
      "date": "13/09/2020",
      "max": "7",
      "release": "3",
      "request": true,
      "splitCode": "GENERAL",
      "unitType": "RM",
    },
    Object {
      "allotmentDescription": "Reboot 2021 Suppliers",
      "allotmentName": "REBOOT 2021",
      "appliesTo": "Product",
      "booked": "0",
      "date": "14/09/2020",
      "max": "7",
      "release": "3",
      "request": true,
      "splitCode": "GENERAL",
      "unitType": "RM",
    },
    Object {
      "allotmentDescription": "Reboot 2021 Suppliers",
      "allotmentName": "REBOOT 2021",
      "appliesTo": "Product",
      "booked": "0",
      "date": "15/09/2020",
      "max": "7",
      "release": "3",
      "request": true,
      "splitCode": "GENERAL",
      "unitType": "RM",
    },
    Object {
      "allotmentDescription": "Reboot 2021 Suppliers",
      "allotmentName": "REBOOT 2021",
      "appliesTo": "Product",
      "booked": "0",
      "date": "16/09/2020",
      "max": "7",
      "release": "3",
      "request": true,
      "splitCode": "GENERAL",
      "unitType": "RM",
    },
    Object {
      "allotmentDescription": "Reboot 2021 Suppliers",
      "allotmentName": "REBOOT 2021",
      "appliesTo": "Product",
      "booked": "0",
      "date": "17/09/2020",
      "max": "7",
      "release": "3",
      "request": true,
      "splitCode": "GENERAL",
      "unitType": "RM",
    },
    Object {
      "allotmentDescription": "Reboot 2021 Suppliers",
      "allotmentName": "REBOOT 2021",
      "appliesTo": "Product",
      "booked": "0",
      "date": "18/09/2020",
      "max": "7",
      "release": "3",
      "request": true,
      "splitCode": "GENERAL",
      "unitType": "RM",
    },
    Object {
      "allotmentDescription": "Reboot 2021 Suppliers",
      "allotmentName": "REBOOT 2021",
      "appliesTo": "Product",
      "booked": "0",
      "date": "19/09/2020",
      "max": "7",
      "release": "3",
      "request": true,
      "splitCode": "GENERAL",
      "unitType": "RM",
    },
    Object {
      "allotmentDescription": "Reboot 2021 Suppliers",
      "allotmentName": "REBOOT 2021",
      "appliesTo": "Product",
      "booked": "0",
      "date": "20/09/2020",
      "max": "7",
      "release": "3",
      "request": true,
      "splitCode": "GENERAL",
      "unitType": "RM",
    },
    Object {
      "allotmentDescription": "Reboot 2021 Suppliers",
      "allotmentName": "REBOOT 2021",
      "appliesTo": "Product",
      "booked": "0",
      "date": "21/09/2020",
      "max": "7",
      "release": "3",
      "request": true,
      "splitCode": "GENERAL",
      "unitType": "RM",
    },
    Object {
      "allotmentDescription": "Reboot 2021 Suppliers",
      "allotmentName": "REBOOT 2021",
      "appliesTo": "Product",
      "booked": "0",
      "date": "22/09/2020",
      "max": "7",
      "release": "3",
      "request": true,
      "splitCode": "GENERAL",
      "unitType": "RM",
    },
    Object {
      "allotmentDescription": "Reboot 2021 Suppliers",
      "allotmentName": "REBOOT 2021",
      "appliesTo": "Product",
      "booked": "0",
      "date": "23/09/2020",
      "max": "7",
      "release": "3",
      "request": true,
      "splitCode": "GENERAL",
      "unitType": "RM",
    },
    Object {
      "allotmentDescription": "Reboot 2021 Suppliers",
      "allotmentName": "REBOOT 2021",
      "appliesTo": "Product",
      "booked": "0",
      "date": "24/09/2020",
      "max": "7",
      "release": "3",
      "request": true,
      "splitCode": "GENERAL",
      "unitType": "RM",
    },
    Object {
      "allotmentDescription": "Reboot 2021 Suppliers",
      "allotmentName": "REBOOT 2021",
      "appliesTo": "Product",
      "booked": "0",
      "date": "25/09/2020",
      "max": "7",
      "release": "3",
      "request": true,
      "splitCode": "GENERAL",
      "unitType": "RM",
    },
    Object {
      "allotmentDescription": "Reboot 2021 Suppliers",
      "allotmentName": "REBOOT 2021",
      "appliesTo": "Product",
      "booked": "0",
      "date": "26/09/2020",
      "max": "7",
      "release": "3",
      "request": true,
      "splitCode": "GENERAL",
      "unitType": "RM",
    },
    Object {
      "allotmentDescription": "Reboot 2021 Suppliers",
      "allotmentName": "REBOOT 2021",
      "appliesTo": "Product",
      "booked": "0",
      "date": "27/09/2020",
      "max": "7",
      "release": "3",
      "request": true,
      "splitCode": "GENERAL",
      "unitType": "RM",
    },
    Object {
      "allotmentDescription": "Reboot 2021 Suppliers",
      "allotmentName": "REBOOT 2021",
      "appliesTo": "Product",
      "booked": "0",
      "date": "28/09/2020",
      "max": "7",
      "release": "3",
      "request": true,
      "splitCode": "GENERAL",
      "unitType": "RM",
    },
    Object {
      "allotmentDescription": "Reboot 2021 Suppliers",
      "allotmentName": "REBOOT 2021",
      "appliesTo": "Product",
      "booked": "0",
      "date": "29/09/2020",
      "max": "7",
      "release": "3",
      "request": true,
      "splitCode": "GENERAL",
      "unitType": "RM",
    },
    Object {
      "allotmentDescription": "Reboot 2021 Suppliers",
      "allotmentName": "REBOOT 2021",
      "appliesTo": "Product",
      "booked": "0",
      "date": "30/09/2020",
      "max": "7",
      "release": "3",
      "request": true,
      "splitCode": "GENERAL",
      "unitType": "RM",
    },
    Object {
      "allotmentDescription": "Reboot 2021 Suppliers",
      "allotmentName": "REBOOT 2021",
      "appliesTo": "Product",
      "booked": "0",
      "date": "01/10/2020",
      "max": "7",
      "release": "3",
      "request": true,
      "splitCode": "GENERAL",
      "unitType": "RM",
    },
    Object {
      "allotmentDescription": "Reboot 2021 Suppliers",
      "allotmentName": "REBOOT 2021",
      "appliesTo": "Product",
      "booked": "0",
      "date": "02/10/2020",
      "max": "7",
      "release": "3",
      "request": true,
      "splitCode": "GENERAL",
      "unitType": "RM",
    },
    Object {
      "allotmentDescription": "",
      "allotmentName": "FREESALE",
      "appliesTo": "Product",
      "booked": "0",
      "date": "02/09/2020",
      "max": "3",
      "release": "14",
      "request": true,
      "splitCode": "GENERAL",
      "unitType": "RM",
    },
    Object {
      "allotmentDescription": "",
      "allotmentName": "FREESALE",
      "appliesTo": "Product",
      "booked": "0",
      "date": "03/09/2020",
      "max": "3",
      "release": "14",
      "request": true,
      "splitCode": "GENERAL",
      "unitType": "RM",
    },
    Object {
      "allotmentDescription": "",
      "allotmentName": "FREESALE",
      "appliesTo": "Product",
      "booked": "0",
      "date": "04/09/2020",
      "max": "3",
      "release": "14",
      "request": true,
      "splitCode": "GENERAL",
      "unitType": "RM",
    },
    Object {
      "allotmentDescription": "",
      "allotmentName": "FREESALE",
      "appliesTo": "Product",
      "booked": "0",
      "date": "05/09/2020",
      "max": "3",
      "release": "14",
      "request": true,
      "splitCode": "GENERAL",
      "unitType": "RM",
    },
    Object {
      "allotmentDescription": "",
      "allotmentName": "FREESALE",
      "appliesTo": "Product",
      "booked": "0",
      "date": "06/09/2020",
      "max": "3",
      "release": "14",
      "request": true,
      "splitCode": "GENERAL",
      "unitType": "RM",
    },
    Object {
      "allotmentDescription": "",
      "allotmentName": "FREESALE",
      "appliesTo": "Product",
      "booked": "0",
      "date": "07/09/2020",
      "max": "3",
      "release": "14",
      "request": true,
      "splitCode": "GENERAL",
      "unitType": "RM",
    },
    Object {
      "allotmentDescription": "",
      "allotmentName": "FREESALE",
      "appliesTo": "Product",
      "booked": "0",
      "date": "08/09/2020",
      "max": "3",
      "release": "14",
      "request": true,
      "splitCode": "GENERAL",
      "unitType": "RM",
    },
    Object {
      "allotmentDescription": "",
      "allotmentName": "FREESALE",
      "appliesTo": "Product",
      "booked": "0",
      "date": "09/09/2020",
      "max": "3",
      "release": "14",
      "request": true,
      "splitCode": "GENERAL",
      "unitType": "RM",
    },
    Object {
      "allotmentDescription": "",
      "allotmentName": "FREESALE",
      "appliesTo": "Product",
      "booked": "0",
      "date": "10/09/2020",
      "max": "3",
      "release": "14",
      "request": true,
      "splitCode": "GENERAL",
      "unitType": "RM",
    },
    Object {
      "allotmentDescription": "",
      "allotmentName": "FREESALE",
      "appliesTo": "Product",
      "booked": "0",
      "date": "11/09/2020",
      "max": "3",
      "release": "14",
      "request": true,
      "splitCode": "GENERAL",
      "unitType": "RM",
    },
    Object {
      "allotmentDescription": "",
      "allotmentName": "FREESALE",
      "appliesTo": "Product",
      "booked": "0",
      "date": "12/09/2020",
      "max": "3",
      "release": "14",
      "request": true,
      "splitCode": "GENERAL",
      "unitType": "RM",
    },
    Object {
      "allotmentDescription": "",
      "allotmentName": "FREESALE",
      "appliesTo": "Product",
      "booked": "0",
      "date": "13/09/2020",
      "max": "3",
      "release": "14",
      "request": true,
      "splitCode": "GENERAL",
      "unitType": "RM",
    },
    Object {
      "allotmentDescription": "",
      "allotmentName": "FREESALE",
      "appliesTo": "Product",
      "booked": "0",
      "date": "14/09/2020",
      "max": "3",
      "release": "14",
      "request": true,
      "splitCode": "GENERAL",
      "unitType": "RM",
    },
    Object {
      "allotmentDescription": "",
      "allotmentName": "FREESALE",
      "appliesTo": "Product",
      "booked": "0",
      "date": "15/09/2020",
      "max": "3",
      "release": "14",
      "request": true,
      "splitCode": "GENERAL",
      "unitType": "RM",
    },
    Object {
      "allotmentDescription": "",
      "allotmentName": "FREESALE",
      "appliesTo": "Product",
      "booked": "0",
      "date": "16/09/2020",
      "max": "3",
      "release": "14",
      "request": true,
      "splitCode": "GENERAL",
      "unitType": "RM",
    },
    Object {
      "allotmentDescription": "",
      "allotmentName": "FREESALE",
      "appliesTo": "Product",
      "booked": "0",
      "date": "17/09/2020",
      "max": "3",
      "release": "14",
      "request": true,
      "splitCode": "GENERAL",
      "unitType": "RM",
    },
    Object {
      "allotmentDescription": "",
      "allotmentName": "FREESALE",
      "appliesTo": "Product",
      "booked": "0",
      "date": "18/09/2020",
      "max": "3",
      "release": "14",
      "request": true,
      "splitCode": "GENERAL",
      "unitType": "RM",
    },
    Object {
      "allotmentDescription": "",
      "allotmentName": "FREESALE",
      "appliesTo": "Product",
      "booked": "0",
      "date": "19/09/2020",
      "max": "3",
      "release": "14",
      "request": true,
      "splitCode": "GENERAL",
      "unitType": "RM",
    },
    Object {
      "allotmentDescription": "",
      "allotmentName": "FREESALE",
      "appliesTo": "Product",
      "booked": "0",
      "date": "20/09/2020",
      "max": "3",
      "release": "14",
      "request": true,
      "splitCode": "GENERAL",
      "unitType": "RM",
    },
    Object {
      "allotmentDescription": "",
      "allotmentName": "FREESALE",
      "appliesTo": "Product",
      "booked": "0",
      "date": "21/09/2020",
      "max": "3",
      "release": "14",
      "request": true,
      "splitCode": "GENERAL",
      "unitType": "RM",
    },
    Object {
      "allotmentDescription": "",
      "allotmentName": "FREESALE",
      "appliesTo": "Product",
      "booked": "0",
      "date": "22/09/2020",
      "max": "3",
      "release": "14",
      "request": true,
      "splitCode": "GENERAL",
      "unitType": "RM",
    },
    Object {
      "allotmentDescription": "",
      "allotmentName": "FREESALE",
      "appliesTo": "Product",
      "booked": "0",
      "date": "23/09/2020",
      "max": "3",
      "release": "14",
      "request": true,
      "splitCode": "GENERAL",
      "unitType": "RM",
    },
    Object {
      "allotmentDescription": "",
      "allotmentName": "FREESALE",
      "appliesTo": "Product",
      "booked": "0",
      "date": "24/09/2020",
      "max": "3",
      "release": "14",
      "request": true,
      "splitCode": "GENERAL",
      "unitType": "RM",
    },
    Object {
      "allotmentDescription": "",
      "allotmentName": "FREESALE",
      "appliesTo": "Product",
      "booked": "0",
      "date": "25/09/2020",
      "max": "3",
      "release": "14",
      "request": true,
      "splitCode": "GENERAL",
      "unitType": "RM",
    },
    Object {
      "allotmentDescription": "",
      "allotmentName": "FREESALE",
      "appliesTo": "Product",
      "booked": "0",
      "date": "26/09/2020",
      "max": "3",
      "release": "14",
      "request": true,
      "splitCode": "GENERAL",
      "unitType": "RM",
    },
    Object {
      "allotmentDescription": "",
      "allotmentName": "FREESALE",
      "appliesTo": "Product",
      "booked": "0",
      "date": "27/09/2020",
      "max": "3",
      "release": "14",
      "request": true,
      "splitCode": "GENERAL",
      "unitType": "RM",
    },
    Object {
      "allotmentDescription": "",
      "allotmentName": "FREESALE",
      "appliesTo": "Product",
      "booked": "0",
      "date": "28/09/2020",
      "max": "3",
      "release": "14",
      "request": true,
      "splitCode": "GENERAL",
      "unitType": "RM",
    },
    Object {
      "allotmentDescription": "",
      "allotmentName": "FREESALE",
      "appliesTo": "Product",
      "booked": "0",
      "date": "29/09/2020",
      "max": "3",
      "release": "14",
      "request": true,
      "splitCode": "GENERAL",
      "unitType": "RM",
    },
    Object {
      "allotmentDescription": "",
      "allotmentName": "FREESALE",
      "appliesTo": "Product",
      "booked": "0",
      "date": "30/09/2020",
      "max": "3",
      "release": "14",
      "request": true,
      "splitCode": "GENERAL",
      "unitType": "RM",
    },
    Object {
      "allotmentDescription": "",
      "allotmentName": "FREESALE",
      "appliesTo": "Product",
      "booked": "0",
      "date": "01/10/2020",
      "max": "3",
      "release": "14",
      "request": true,
      "splitCode": "GENERAL",
      "unitType": "RM",
    },
    Object {
      "allotmentDescription": "",
      "allotmentName": "FREESALE",
      "appliesTo": "Product",
      "booked": "0",
      "date": "02/10/2020",
      "max": "3",
      "release": "14",
      "request": true,
      "splitCode": "GENERAL",
      "unitType": "RM",
    },
    Object {
      "allotmentDescription": "",
      "allotmentName": "2021 RESPAWN",
      "appliesTo": "Product",
      "booked": "0",
      "date": "09/09/2020",
      "max": "3",
      "release": "2",
      "request": true,
      "splitCode": "GENERAL",
      "unitType": "RM",
    },
    Object {
      "allotmentDescription": "",
      "allotmentName": "2021 RESPAWN",
      "appliesTo": "Product",
      "booked": "0",
      "date": "10/09/2020",
      "max": "3",
      "release": "2",
      "request": true,
      "splitCode": "GENERAL",
      "unitType": "RM",
    },
    Object {
      "allotmentDescription": "",
      "allotmentName": "2021 RESPAWN",
      "appliesTo": "Product",
      "booked": "0",
      "date": "11/09/2020",
      "max": "3",
      "release": "2",
      "request": true,
      "splitCode": "GENERAL",
      "unitType": "RM",
    },
    Object {
      "allotmentDescription": "",
      "allotmentName": "2021 RESPAWN",
      "appliesTo": "Product",
      "booked": "0",
      "date": "12/09/2020",
      "max": "3",
      "release": "2",
      "request": true,
      "splitCode": "GENERAL",
      "unitType": "RM",
    },
    Object {
      "allotmentDescription": "",
      "allotmentName": "2021 RESPAWN",
      "appliesTo": "Product",
      "booked": "0",
      "date": "13/09/2020",
      "max": "3",
      "release": "2",
      "request": true,
      "splitCode": "GENERAL",
      "unitType": "RM",
    },
    Object {
      "allotmentDescription": "",
      "allotmentName": "2021 RESPAWN",
      "appliesTo": "Product",
      "booked": "0",
      "date": "14/09/2020",
      "max": "3",
      "release": "2",
      "request": true,
      "splitCode": "GENERAL",
      "unitType": "RM",
    },
    Object {
      "allotmentDescription": "",
      "allotmentName": "2021 RESPAWN",
      "appliesTo": "Product",
      "booked": "0",
      "date": "15/09/2020",
      "max": "3",
      "release": "2",
      "request": true,
      "splitCode": "GENERAL",
      "unitType": "RM",
    },
    Object {
      "allotmentDescription": "",
      "allotmentName": "2021 RESPAWN",
      "appliesTo": "Product",
      "booked": "0",
      "date": "16/09/2020",
      "max": "3",
      "release": "2",
      "request": true,
      "splitCode": "GENERAL",
      "unitType": "RM",
    },
    Object {
      "allotmentDescription": "",
      "allotmentName": "2021 RESPAWN",
      "appliesTo": "Product",
      "booked": "0",
      "date": "17/09/2020",
      "max": "3",
      "release": "2",
      "request": true,
      "splitCode": "GENERAL",
      "unitType": "RM",
    },
    Object {
      "allotmentDescription": "",
      "allotmentName": "2021 RESPAWN",
      "appliesTo": "Product",
      "booked": "0",
      "date": "18/09/2020",
      "max": "3",
      "release": "2",
      "request": true,
      "splitCode": "GENERAL",
      "unitType": "RM",
    },
    Object {
      "allotmentDescription": "",
      "allotmentName": "2021 RESPAWN",
      "appliesTo": "Product",
      "booked": "0",
      "date": "19/09/2020",
      "max": "3",
      "release": "2",
      "request": true,
      "splitCode": "GENERAL",
      "unitType": "RM",
    },
    Object {
      "allotmentDescription": "",
      "allotmentName": "2021 RESPAWN",
      "appliesTo": "Product",
      "booked": "0",
      "date": "20/09/2020",
      "max": "3",
      "release": "2",
      "request": true,
      "splitCode": "GENERAL",
      "unitType": "RM",
    },
    Object {
      "allotmentDescription": "",
      "allotmentName": "2021 RESPAWN",
      "appliesTo": "Product",
      "booked": "0",
      "date": "21/09/2020",
      "max": "3",
      "release": "2",
      "request": true,
      "splitCode": "GENERAL",
      "unitType": "RM",
    },
    Object {
      "allotmentDescription": "",
      "allotmentName": "2021 RESPAWN",
      "appliesTo": "Product",
      "booked": "0",
      "date": "22/09/2020",
      "max": "3",
      "release": "2",
      "request": true,
      "splitCode": "GENERAL",
      "unitType": "RM",
    },
    Object {
      "allotmentDescription": "",
      "allotmentName": "2021 RESPAWN",
      "appliesTo": "Product",
      "booked": "0",
      "date": "23/09/2020",
      "max": "3",
      "release": "2",
      "request": true,
      "splitCode": "GENERAL",
      "unitType": "RM",
    },
    Object {
      "allotmentDescription": "",
      "allotmentName": "2021 RESPAWN",
      "appliesTo": "Product",
      "booked": "0",
      "date": "24/09/2020",
      "max": "3",
      "release": "2",
      "request": true,
      "splitCode": "GENERAL",
      "unitType": "RM",
    },
    Object {
      "allotmentDescription": "",
      "allotmentName": "2021 RESPAWN",
      "appliesTo": "Product",
      "booked": "0",
      "date": "25/09/2020",
      "max": "3",
      "release": "2",
      "request": true,
      "splitCode": "GENERAL",
      "unitType": "RM",
    },
    Object {
      "allotmentDescription": "",
      "allotmentName": "2021 RESPAWN",
      "appliesTo": "Product",
      "booked": "0",
      "date": "26/09/2020",
      "max": "3",
      "release": "2",
      "request": true,
      "splitCode": "GENERAL",
      "unitType": "RM",
    },
    Object {
      "allotmentDescription": "",
      "allotmentName": "2021 RESPAWN",
      "appliesTo": "Product",
      "booked": "0",
      "date": "27/09/2020",
      "max": "3",
      "release": "2",
      "request": true,
      "splitCode": "GENERAL",
      "unitType": "RM",
    },
    Object {
      "allotmentDescription": "",
      "allotmentName": "2021 RESPAWN",
      "appliesTo": "Product",
      "booked": "0",
      "date": "28/09/2020",
      "max": "3",
      "release": "2",
      "request": true,
      "splitCode": "GENERAL",
      "unitType": "RM",
    },
    Object {
      "allotmentDescription": "",
      "allotmentName": "2021 RESPAWN",
      "appliesTo": "Product",
      "booked": "0",
      "date": "29/09/2020",
      "max": "3",
      "release": "2",
      "request": true,
      "splitCode": "GENERAL",
      "unitType": "RM",
    },
    Object {
      "allotmentDescription": "",
      "allotmentName": "2021 RESPAWN",
      "appliesTo": "Product",
      "booked": "0",
      "date": "30/09/2020",
      "max": "3",
      "release": "2",
      "request": true,
      "splitCode": "GENERAL",
      "unitType": "RM",
    },
    Object {
      "allotmentDescription": "",
      "allotmentName": "2021 RESPAWN",
      "appliesTo": "Product",
      "booked": "0",
      "date": "01/10/2020",
      "max": "3",
      "release": "2",
      "request": true,
      "splitCode": "GENERAL",
      "unitType": "RM",
    },
    Object {
      "allotmentDescription": "",
      "allotmentName": "2021 RESPAWN",
      "appliesTo": "Product",
      "booked": "0",
      "date": "02/10/2020",
      "max": "3",
      "release": "2",
      "request": true,
      "splitCode": "GENERAL",
      "unitType": "RM",
    },
  ],
}
`;
