// Jest Snapshot v1, https://goo.gl/fbAQLP

exports[`search tests read allotment not empty 1`] = `
Object {
  "allotment": Array [
    Object {
      "appliesTo": "Supplier",
      "bySplitCode": Object {
        "GENERAL": Object {
          "byUnitType": Object {
            "RM": Object {
              "01/08/2020": Object {
                "booked": "0",
                "max": "0",
                "release": "999",
                "request": false,
              },
              "02/08/2020": Object {
                "booked": "0",
                "max": "0",
                "release": "999",
                "request": false,
              },
              "03/08/2020": Object {
                "booked": "0",
                "max": "0",
                "release": "999",
                "request": false,
              },
              "04/08/2020": Object {
                "booked": "0",
                "max": "0",
                "release": "999",
                "request": false,
              },
              "05/08/2020": Object {
                "booked": "0",
                "max": "0",
                "release": "999",
                "request": false,
              },
              "06/08/2020": Object {
                "booked": "0",
                "max": "0",
                "release": "999",
                "request": false,
              },
              "07/08/2020": Object {
                "booked": "0",
                "max": "0",
                "release": "999",
                "request": false,
              },
              "08/08/2020": Object {
                "booked": "0",
                "max": "0",
                "release": "999",
                "request": false,
              },
              "09/08/2020": Object {
                "booked": "0",
                "max": "0",
                "release": "999",
                "request": false,
              },
              "10/08/2020": Object {
                "booked": "0",
                "max": "0",
                "release": "999",
                "request": false,
              },
              "11/08/2020": Object {
                "booked": "0",
                "max": "0",
                "release": "999",
                "request": false,
              },
              "12/08/2020": Object {
                "booked": "0",
                "max": "0",
                "release": "999",
                "request": false,
              },
              "13/08/2020": Object {
                "booked": "0",
                "max": "0",
                "release": "999",
                "request": false,
              },
              "14/08/2020": Object {
                "booked": "0",
                "max": "0",
                "release": "999",
                "request": false,
              },
              "15/08/2020": Object {
                "booked": "0",
                "max": "0",
                "release": "999",
                "request": false,
              },
            },
          },
        },
      },
      "description": "2021 Reboot Year",
      "name": "2021 REBOOT",
    },
    Object {
      "appliesTo": "Supplier",
      "bySplitCode": Object {
        "GENERAL": Object {
          "byUnitType": Object {
            "RM": Object {
              "01/08/2020": Object {
                "booked": "0",
                "max": "3",
                "release": "14",
                "request": true,
              },
              "02/08/2020": Object {
                "booked": "0",
                "max": "3",
                "release": "14",
                "request": true,
              },
              "03/08/2020": Object {
                "booked": "0",
                "max": "3",
                "release": "14",
                "request": true,
              },
              "04/08/2020": Object {
                "booked": "0",
                "max": "3",
                "release": "14",
                "request": true,
              },
              "05/08/2020": Object {
                "booked": "0",
                "max": "3",
                "release": "14",
                "request": true,
              },
              "06/08/2020": Object {
                "booked": "0",
                "max": "3",
                "release": "14",
                "request": true,
              },
              "07/08/2020": Object {
                "booked": "0",
                "max": "3",
                "release": "14",
                "request": true,
              },
              "08/08/2020": Object {
                "booked": "0",
                "max": "3",
                "release": "14",
                "request": true,
              },
              "09/08/2020": Object {
                "booked": "0",
                "max": "3",
                "release": "14",
                "request": true,
              },
              "10/08/2020": Object {
                "booked": "0",
                "max": "3",
                "release": "14",
                "request": true,
              },
              "11/08/2020": Object {
                "booked": "0",
                "max": "3",
                "release": "14",
                "request": true,
              },
              "12/08/2020": Object {
                "booked": "0",
                "max": "3",
                "release": "14",
                "request": true,
              },
              "13/08/2020": Object {
                "booked": "0",
                "max": "3",
                "release": "14",
                "request": true,
              },
              "14/08/2020": Object {
                "booked": "0",
                "max": "3",
                "release": "14",
                "request": true,
              },
              "15/08/2020": Object {
                "booked": "0",
                "max": "3",
                "release": "14",
                "request": true,
              },
            },
          },
        },
      },
      "description": "",
      "name": "FREESALE",
    },
  ],
}
`;
